BEGIN 3:writeback_in_if:fast__1:work
    aluout :  3:writeback_in_monitor_bfm:fast__1:work 1:hdl_top:fast:work
    memout :  3:writeback_in_monitor_bfm:fast__1:work 1:hdl_top:fast:work
    w_control_in :  3:writeback_in_monitor_bfm:fast__1:work 1:hdl_top:fast:work
    enable_writeback :  3:writeback_in_monitor_bfm:fast__1:work 1:hdl_top:fast:work
    pcout :  3:writeback_in_monitor_bfm:fast__1:work 1:hdl_top:fast:work
    npc :  3:writeback_in_monitor_bfm:fast__1:work 1:hdl_top:fast:work
    rst :  3:writeback_in_monitor_bfm:fast__1:work
    clk :  3:writeback_in_monitor_bfm:fast__1:work
    dr :  3:writeback_in_monitor_bfm:fast__1:work 1:hdl_top:fast:work
    sr1 :  3:writeback_in_monitor_bfm:fast__1:work 1:hdl_top:fast:work
    sr2 :  3:writeback_in_monitor_bfm:fast__1:work 1:hdl_top:fast:work
END 
BEGIN 3:memaccess_out_monitor_bfm:fast__1:work
    proxy :  3:memaccess_out_monitor_bfm:fast__1:work
END 
BEGIN 1:LC3:fast:work
    mem_state :  1:hdl_top:fast:work
    VSR2 :  1:hdl_top:fast:work
    Mem_Control :  1:hdl_top:fast:work
    enable_execute :  1:hdl_top:fast:work
    IR_Exec :  1:hdl_top:fast:work
    npc_out_dec :  1:hdl_top:fast:work
    E_Control :  1:hdl_top:fast:work
    enable_writeback :  1:hdl_top:fast:work
    instrmem_rd :  1:hdl_top:fast:work
    Data_dout :  1:hdl_top:fast:work
    sr1 :  1:hdl_top:fast:work
    br_taken :  1:hdl_top:fast:work
    W_Control_out :  1:hdl_top:fast:work
    memout :  1:hdl_top:fast:work
    Data_rd :  1:hdl_top:fast:work
    Instr_dout :  1:hdl_top:fast:work
    NZP :  1:hdl_top:fast:work
    Mem_Control_out :  1:hdl_top:fast:work
    complete_data :  1:hdl_top:fast:work
    W_Control :  1:hdl_top:fast:work
    bypass_alu_1 :  1:hdl_top:fast:work
    Data_addr :  1:hdl_top:fast:work
    enable_decode :  1:hdl_top:fast:work
    M_Data :  1:hdl_top:fast:work
    complete_instr :  1:hdl_top:fast:work
    aluout :  1:hdl_top:fast:work
    bypass_mem_1 :  1:hdl_top:fast:work
    VSR1 :  1:hdl_top:fast:work
    bypass_alu_2 :  1:hdl_top:fast:work
    npc_out_fetch :  1:hdl_top:fast:work
    enable_updatePC :  1:hdl_top:fast:work
    sr2 :  1:hdl_top:fast:work
    psr :  1:hdl_top:fast:work
    bypass_mem_2 :  1:hdl_top:fast:work
    IR :  1:hdl_top:fast:work
    Data_din :  1:hdl_top:fast:work
    enable_fetch :  1:hdl_top:fast:work
    pc :  1:hdl_top:fast:work
    pcout :  1:hdl_top:fast:work
    dr :  1:hdl_top:fast:work
END 
BEGIN 3:execute_out_if:fast__1:work
    sr2 :  1:hdl_top:fast:work 3:execute_out_monitor_bfm:fast__1:work
    W_Control_out :  1:hdl_top:fast:work 3:execute_out_monitor_bfm:fast__1:work
    reset :  3:execute_out_monitor_bfm:fast__1:work
    pcout :  1:hdl_top:fast:work 3:execute_out_monitor_bfm:fast__1:work
    NZP :  1:hdl_top:fast:work 3:execute_out_monitor_bfm:fast__1:work
    clock :  3:execute_out_monitor_bfm:fast__1:work
    sr1 :  1:hdl_top:fast:work 3:execute_out_monitor_bfm:fast__1:work
    enable_execute_out :  1:hdl_top:fast:work 3:execute_out_monitor_bfm:fast__1:work
    IR_Exec :  1:hdl_top:fast:work 3:execute_out_monitor_bfm:fast__1:work
    dr :  1:hdl_top:fast:work 3:execute_out_monitor_bfm:fast__1:work
    M_Data :  1:hdl_top:fast:work 3:execute_out_monitor_bfm:fast__1:work
    aluout :  1:hdl_top:fast:work 3:execute_out_monitor_bfm:fast__1:work
    Mem_Control_out :  1:hdl_top:fast:work 3:execute_out_monitor_bfm:fast__1:work
END 
BEGIN 3:writeback_out_if:fast__1:work
    psr :  1:hdl_top:fast:work 3:writeback_out_monitor_bfm:fast__1:work
    VSR1 :  1:hdl_top:fast:work 3:writeback_out_monitor_bfm:fast__1:work
    rst :  3:writeback_out_monitor_bfm:fast__1:work
    clk :  3:writeback_out_monitor_bfm:fast__1:work
    VSR2 :  1:hdl_top:fast:work 3:writeback_out_monitor_bfm:fast__1:work
    enable_writeback :  1:hdl_top:fast:work 3:writeback_out_monitor_bfm:fast__1:work
END 
BEGIN 3:inst_mem_if:fast__1:work
    PC :  3:inst_mem_driver_bfm:fast__1:work 3:inst_mem_monitor_bfm:fast__1:work 1:hdl_top:fast:work
    complete_instr :  3:inst_mem_driver_bfm:fast__1:work 3:inst_mem_monitor_bfm:fast__1:work 1:hdl_top:fast:work
    instr_dout :  3:inst_mem_driver_bfm:fast__1:work 3:inst_mem_monitor_bfm:fast__1:work 1:hdl_top:fast:work
    instrmem_rd :  3:inst_mem_driver_bfm:fast__1:work 3:inst_mem_monitor_bfm:fast__1:work 1:hdl_top:fast:work
    reset :  3:inst_mem_driver_bfm:fast__1:work 3:inst_mem_monitor_bfm:fast__1:work
    clock :  3:inst_mem_driver_bfm:fast__1:work 3:inst_mem_monitor_bfm:fast__1:work
END 
BEGIN 3:control_out_monitor_bfm:fast__1:work
    proxy :  3:control_out_monitor_bfm:fast__1:work
END 
BEGIN 3:memaccess_in_if:fast__1:work
    mem_state :  3:memaccess_in_monitor_bfm:fast__1:work 1:hdl_top:fast:work
    M_Control :  3:memaccess_in_monitor_bfm:fast__1:work 1:hdl_top:fast:work
    M_Addr :  3:memaccess_in_monitor_bfm:fast__1:work 1:hdl_top:fast:work
    reset :  3:memaccess_in_monitor_bfm:fast__1:work
    clock :  3:memaccess_in_monitor_bfm:fast__1:work
    DMem_dout :  3:memaccess_in_monitor_bfm:fast__1:work 1:hdl_top:fast:work
    M_Data :  3:memaccess_in_monitor_bfm:fast__1:work 1:hdl_top:fast:work
END 
BEGIN 3:inst_mem_monitor_bfm:fast__1:work
    proxy :  3:inst_mem_monitor_bfm:fast__1:work
END 
BEGIN 3:decode_out_if:fast__1:work
    W_Control :  3:decode_out_monitor_bfm:fast__1:work 1:hdl_top:fast:work
    npc_out :  3:decode_out_monitor_bfm:fast__1:work 1:hdl_top:fast:work
    IR :  3:decode_out_monitor_bfm:fast__1:work 1:hdl_top:fast:work
    E_Control :  3:decode_out_monitor_bfm:fast__1:work 1:hdl_top:fast:work
    Mem_Control :  3:decode_out_monitor_bfm:fast__1:work 1:hdl_top:fast:work
    reset :  3:decode_out_monitor_bfm:fast__1:work
    clock :  3:decode_out_monitor_bfm:fast__1:work
END 
BEGIN 3:execute_in_monitor_bfm:fast__1:work
    proxy :  3:execute_in_monitor_bfm:fast__1:work
END 
BEGIN 3:memaccess_out_if:fast__1:work
    DMem_rd :  3:memaccess_out_monitor_bfm:fast__1:work 1:hdl_top:fast:work
    DMem_addr :  3:memaccess_out_monitor_bfm:fast__1:work 1:hdl_top:fast:work
    reset :  3:memaccess_out_monitor_bfm:fast__1:work
    clock :  3:memaccess_out_monitor_bfm:fast__1:work
    DMem_din :  3:memaccess_out_monitor_bfm:fast__1:work 1:hdl_top:fast:work
    memout :  3:memaccess_out_monitor_bfm:fast__1:work 1:hdl_top:fast:work
END 
BEGIN 3:fetch_in_if:fast__1:work
    reset :  3:fetch_in_monitor_bfm:fast__1:work
    clock :  3:fetch_in_monitor_bfm:fast__1:work
    taddr :  3:fetch_in_monitor_bfm:fast__1:work 1:hdl_top:fast:work
    enable_fetch :  3:fetch_in_monitor_bfm:fast__1:work 1:hdl_top:fast:work
    br_taken :  3:fetch_in_monitor_bfm:fast__1:work 1:hdl_top:fast:work
    enable_updatePC :  3:fetch_in_monitor_bfm:fast__1:work 1:hdl_top:fast:work
END 
BEGIN 3:data_mem_if:fast__1:work
    Data_addr :  3:data_mem_driver_bfm:fast__1:work 1:hdl_top:fast:work 3:data_mem_monitor_bfm:fast__1:work
    Data_rd :  3:data_mem_driver_bfm:fast__1:work 1:hdl_top:fast:work 3:data_mem_monitor_bfm:fast__1:work
    Data_dout :  3:data_mem_driver_bfm:fast__1:work 1:hdl_top:fast:work 3:data_mem_monitor_bfm:fast__1:work
    complete_data :  3:data_mem_driver_bfm:fast__1:work 1:hdl_top:fast:work 3:data_mem_monitor_bfm:fast__1:work
    reset :  3:data_mem_driver_bfm:fast__1:work 3:data_mem_monitor_bfm:fast__1:work
    clock :  3:data_mem_driver_bfm:fast__1:work 3:data_mem_monitor_bfm:fast__1:work
    Data_din :  3:data_mem_driver_bfm:fast__1:work 1:hdl_top:fast:work 3:data_mem_monitor_bfm:fast__1:work
END 
BEGIN 3:fetch_out_if:fast__1:work
    pc :  3:fetch_out_monitor_bfm:fast__1:work 1:hdl_top:fast:work
    instrmem_rd :  3:fetch_out_monitor_bfm:fast__1:work 1:hdl_top:fast:work
    npc :  3:fetch_out_monitor_bfm:fast__1:work 1:hdl_top:fast:work
    reset :  3:fetch_out_monitor_bfm:fast__1:work
    clock :  3:fetch_out_monitor_bfm:fast__1:work
END 
BEGIN 3:execute_in_if:fast__1:work
    reset :  3:execute_in_monitor_bfm:fast__1:work
    bypass_mem_2 :  1:hdl_top:fast:work 3:execute_in_monitor_bfm:fast__1:work
    clock :  3:execute_in_monitor_bfm:fast__1:work
    npc_in :  1:hdl_top:fast:work 3:execute_in_monitor_bfm:fast__1:work
    VSR1 :  1:hdl_top:fast:work 3:execute_in_monitor_bfm:fast__1:work
    bypass_alu_2 :  1:hdl_top:fast:work 3:execute_in_monitor_bfm:fast__1:work
    bypass_mem_1 :  1:hdl_top:fast:work 3:execute_in_monitor_bfm:fast__1:work
    enable_execute :  1:hdl_top:fast:work 3:execute_in_monitor_bfm:fast__1:work
    IR :  1:hdl_top:fast:work 3:execute_in_monitor_bfm:fast__1:work
    Mem_Bypass_Val :  1:hdl_top:fast:work 3:execute_in_monitor_bfm:fast__1:work
    bypass_alu_1 :  1:hdl_top:fast:work 3:execute_in_monitor_bfm:fast__1:work
    VSR2 :  1:hdl_top:fast:work 3:execute_in_monitor_bfm:fast__1:work
    W_Control_in :  1:hdl_top:fast:work 3:execute_in_monitor_bfm:fast__1:work
    E_Control :  1:hdl_top:fast:work 3:execute_in_monitor_bfm:fast__1:work
    Mem_Control_in :  1:hdl_top:fast:work 3:execute_in_monitor_bfm:fast__1:work
END 
BEGIN 3:fetch_in_monitor_bfm:fast__1:work
    proxy :  3:fetch_in_monitor_bfm:fast__1:work
END 
BEGIN 3:memaccess_in_monitor_bfm:fast__1:work
    proxy :  3:memaccess_in_monitor_bfm:fast__1:work
END 
BEGIN 3:execute_out_monitor_bfm:fast__1:work
    proxy :  3:execute_out_monitor_bfm:fast__1:work
END 
BEGIN 3:data_mem_monitor_bfm:fast__1:work
    proxy :  3:data_mem_monitor_bfm:fast__1:work
END 
BEGIN 3:writeback_in_monitor_bfm:fast__1:work
    proxy :  3:writeback_in_monitor_bfm:fast__1:work
END 
BEGIN 3:control_in_monitor_bfm:fast__1:work
    proxy :  3:control_in_monitor_bfm:fast__1:work
END 
BEGIN 3:decode_in_monitor_bfm:fast__1:work
    proxy :  3:decode_in_monitor_bfm:fast__1:work
END 
BEGIN 3:control_in_if:fast__1:work
    reset :  3:control_in_monitor_bfm:fast__1:work
    clock :  3:control_in_monitor_bfm:fast__1:work
    psr :  1:hdl_top:fast:work 3:control_in_monitor_bfm:fast__1:work
    IMem_dout :  1:hdl_top:fast:work 3:control_in_monitor_bfm:fast__1:work
    NZP :  1:hdl_top:fast:work 3:control_in_monitor_bfm:fast__1:work
    IR_Exec :  1:hdl_top:fast:work 3:control_in_monitor_bfm:fast__1:work
    IR :  1:hdl_top:fast:work 3:control_in_monitor_bfm:fast__1:work
    complete_instr :  1:hdl_top:fast:work 3:control_in_monitor_bfm:fast__1:work
    complete_data :  1:hdl_top:fast:work 3:control_in_monitor_bfm:fast__1:work
END 
BEGIN 3:decode_out_monitor_bfm:fast__1:work
    proxy :  3:decode_out_monitor_bfm:fast__1:work
END 
BEGIN 3:writeback_out_monitor_bfm:fast__1:work
    proxy :  3:writeback_out_monitor_bfm:fast__1:work
END 
BEGIN 3:decode_in_if:fast__1:work
    psr :  3:decode_in_monitor_bfm:fast__1:work
    dout :  3:decode_in_monitor_bfm:fast__1:work 1:hdl_top:fast:work
    enable_decode :  3:decode_in_monitor_bfm:fast__1:work 1:hdl_top:fast:work
    reset :  3:decode_in_monitor_bfm:fast__1:work
    clock :  3:decode_in_monitor_bfm:fast__1:work
    npc_in :  3:decode_in_monitor_bfm:fast__1:work 1:hdl_top:fast:work
END 
BEGIN 3:control_out_if:fast__1:work
    bypass_mem_1 :  1:hdl_top:fast:work 3:control_out_monitor_bfm:fast__1:work
    reset :  3:control_out_monitor_bfm:fast__1:work
    bypass_alu_2 :  1:hdl_top:fast:work 3:control_out_monitor_bfm:fast__1:work
    clock :  3:control_out_monitor_bfm:fast__1:work
    bypass_alu_1 :  1:hdl_top:fast:work 3:control_out_monitor_bfm:fast__1:work
    br_taken :  1:hdl_top:fast:work 3:control_out_monitor_bfm:fast__1:work
    enable_writeback :  1:hdl_top:fast:work 3:control_out_monitor_bfm:fast__1:work
    enable_execute :  1:hdl_top:fast:work 3:control_out_monitor_bfm:fast__1:work
    enable_decode :  1:hdl_top:fast:work 3:control_out_monitor_bfm:fast__1:work
    mem_state :  1:hdl_top:fast:work 3:control_out_monitor_bfm:fast__1:work
    enable_fetch :  1:hdl_top:fast:work 3:control_out_monitor_bfm:fast__1:work
    bypass_mem_2 :  1:hdl_top:fast:work 3:control_out_monitor_bfm:fast__1:work
    enable_updatePC :  1:hdl_top:fast:work 3:control_out_monitor_bfm:fast__1:work
END 
BEGIN 3:fetch_out_monitor_bfm:fast__1:work
    proxy :  3:fetch_out_monitor_bfm:fast__1:work
END 
